Archive member included to satisfy reference by file (symbol)

c:/st/stm32cubeide_1.3.0/stm32cubeide/plugins/com.st.stm32cube.ide.mcu.externaltools.gnu-tools-for-stm32.7-2018-q2-update.win32_1.4.0.202007081208/tools/bin/../lib/gcc/arm-none-eabi/7.3.1/../../../../arm-none-eabi/lib/thumb/v7e-m/fpv4-sp/hard\libc_nano.a(lib_a-errno.o)
                              Core/Src/syscalls.o (__errno)
c:/st/stm32cubeide_1.3.0/stm32cubeide/plugins/com.st.stm32cube.ide.mcu.externaltools.gnu-tools-for-stm32.7-2018-q2-update.win32_1.4.0.202007081208/tools/bin/../lib/gcc/arm-none-eabi/7.3.1/../../../../arm-none-eabi/lib/thumb/v7e-m/fpv4-sp/hard\libc_nano.a(lib_a-exit.o)
                              c:/st/stm32cubeide_1.3.0/stm32cubeide/plugins/com.st.stm32cube.ide.mcu.externaltools.gnu-tools-for-stm32.7-2018-q2-update.win32_1.4.0.202007081208/tools/bin/../lib/gcc/arm-none-eabi/7.3.1/../../../../arm-none-eabi/lib/thumb/v7e-m/fpv4-sp/hard/crt0.o (exit)
c:/st/stm32cubeide_1.3.0/stm32cubeide/plugins/com.st.stm32cube.ide.mcu.externaltools.gnu-tools-for-stm32.7-2018-q2-update.win32_1.4.0.202007081208/tools/bin/../lib/gcc/arm-none-eabi/7.3.1/../../../../arm-none-eabi/lib/thumb/v7e-m/fpv4-sp/hard\libc_nano.a(lib_a-impure.o)
                              c:/st/stm32cubeide_1.3.0/stm32cubeide/plugins/com.st.stm32cube.ide.mcu.externaltools.gnu-tools-for-stm32.7-2018-q2-update.win32_1.4.0.202007081208/tools/bin/../lib/gcc/arm-none-eabi/7.3.1/../../../../arm-none-eabi/lib/thumb/v7e-m/fpv4-sp/hard\libc_nano.a(lib_a-exit.o) (_global_impure_ptr)
c:/st/stm32cubeide_1.3.0/stm32cubeide/plugins/com.st.stm32cube.ide.mcu.externaltools.gnu-tools-for-stm32.7-2018-q2-update.win32_1.4.0.202007081208/tools/bin/../lib/gcc/arm-none-eabi/7.3.1/../../../../arm-none-eabi/lib/thumb/v7e-m/fpv4-sp/hard\libc_nano.a(lib_a-init.o)
                              c:/st/stm32cubeide_1.3.0/stm32cubeide/plugins/com.st.stm32cube.ide.mcu.externaltools.gnu-tools-for-stm32.7-2018-q2-update.win32_1.4.0.202007081208/tools/bin/../lib/gcc/arm-none-eabi/7.3.1/../../../../arm-none-eabi/lib/thumb/v7e-m/fpv4-sp/hard/crt0.o (__libc_init_array)
c:/st/stm32cubeide_1.3.0/stm32cubeide/plugins/com.st.stm32cube.ide.mcu.externaltools.gnu-tools-for-stm32.7-2018-q2-update.win32_1.4.0.202007081208/tools/bin/../lib/gcc/arm-none-eabi/7.3.1/../../../../arm-none-eabi/lib/thumb/v7e-m/fpv4-sp/hard\libc_nano.a(lib_a-memset.o)
                              c:/st/stm32cubeide_1.3.0/stm32cubeide/plugins/com.st.stm32cube.ide.mcu.externaltools.gnu-tools-for-stm32.7-2018-q2-update.win32_1.4.0.202007081208/tools/bin/../lib/gcc/arm-none-eabi/7.3.1/../../../../arm-none-eabi/lib/thumb/v7e-m/fpv4-sp/hard/crt0.o (memset)
c:/st/stm32cubeide_1.3.0/stm32cubeide/plugins/com.st.stm32cube.ide.mcu.externaltools.gnu-tools-for-stm32.7-2018-q2-update.win32_1.4.0.202007081208/tools/bin/../lib/gcc/arm-none-eabi/7.3.1/thumb/v7e-m/fpv4-sp/hard\libgcc.a(_aeabi_uldivmod.o)
                              Drivers/STM32F4xx_HAL_Driver/Src/stm32f4xx_hal_rcc.o (__aeabi_uldivmod)
c:/st/stm32cubeide_1.3.0/stm32cubeide/plugins/com.st.stm32cube.ide.mcu.externaltools.gnu-tools-for-stm32.7-2018-q2-update.win32_1.4.0.202007081208/tools/bin/../lib/gcc/arm-none-eabi/7.3.1/thumb/v7e-m/fpv4-sp/hard\libgcc.a(_udivmoddi4.o)
                              c:/st/stm32cubeide_1.3.0/stm32cubeide/plugins/com.st.stm32cube.ide.mcu.externaltools.gnu-tools-for-stm32.7-2018-q2-update.win32_1.4.0.202007081208/tools/bin/../lib/gcc/arm-none-eabi/7.3.1/thumb/v7e-m/fpv4-sp/hard\libgcc.a(_aeabi_uldivmod.o) (__udivmoddi4)
c:/st/stm32cubeide_1.3.0/stm32cubeide/plugins/com.st.stm32cube.ide.mcu.externaltools.gnu-tools-for-stm32.7-2018-q2-update.win32_1.4.0.202007081208/tools/bin/../lib/gcc/arm-none-eabi/7.3.1/thumb/v7e-m/fpv4-sp/hard\libgcc.a(_dvmd_tls.o)
                              c:/st/stm32cubeide_1.3.0/stm32cubeide/plugins/com.st.stm32cube.ide.mcu.externaltools.gnu-tools-for-stm32.7-2018-q2-update.win32_1.4.0.202007081208/tools/bin/../lib/gcc/arm-none-eabi/7.3.1/thumb/v7e-m/fpv4-sp/hard\libgcc.a(_aeabi_uldivmod.o) (__aeabi_ldiv0)

Allocating common symbols
Common symbol       size              file

uwTick              0x4               Drivers/STM32F4xx_HAL_Driver/Src/stm32f4xx_hal.o
pFlash              0x20              Drivers/STM32F4xx_HAL_Driver/Src/stm32f4xx_hal_flash.o
htim6               0x40              Core/Src/tim.o
htim1               0x40              Core/Src/tim.o
gflag_increment     0x1               Core/Src/ppm.o
htim7               0x40              Core/Src/tim.o

Discarded input sections

 .text          0x0000000000000000        0x0 c:/st/stm32cubeide_1.3.0/stm32cubeide/plugins/com.st.stm32cube.ide.mcu.externaltools.gnu-tools-for-stm32.7-2018-q2-update.win32_1.4.0.202007081208/tools/bin/../lib/gcc/arm-none-eabi/7.3.1/thumb/v7e-m/fpv4-sp/hard/crti.o
[...]
Memory Configuration

Name             Origin             Length             Attributes
RAM              0x0000000020000000 0x0000000000020000 xrw
FLASH            0x0000000008000000 0x0000000000040000 xr
*default*        0x0000000000000000 0xffffffffffffffff

Linker script and memory map

LOAD c:/st/stm32cubeide_1.3.0/stm32cubeide/plugins/com.st.stm32cube.ide.mcu.externaltools.gnu-tools-for-stm32.7-2018-q2-update.win32_1.4.0.202007081208/tools/bin/../lib/gcc/arm-none-eabi/7.3.1/thumb/v7e-m/fpv4-sp/hard/crti.o
LOAD c:/st/stm32cubeide_1.3.0/stm32cubeide/plugins/com.st.stm32cube.ide.mcu.externaltools.gnu-tools-for-stm32.7-2018-q2-update.win32_1.4.0.202007081208/tools/bin/../lib/gcc/arm-none-eabi/7.3.1/thumb/v7e-m/fpv4-sp/hard/crtbegin.o
LOAD c:/st/stm32cubeide_1.3.0/stm32cubeide/plugins/com.st.stm32cube.ide.mcu.externaltools.gnu-tools-for-stm32.7-2018-q2-update.win32_1.4.0.202007081208/tools/bin/../lib/gcc/arm-none-eabi/7.3.1/../../../../arm-none-eabi/lib/thumb/v7e-m/fpv4-sp/hard/crt0.o
LOAD Core/Src/gpio.o
LOAD Core/Src/main.o
LOAD Core/Src/ppm.o
LOAD Core/Src/stm32f4xx_hal_msp.o
LOAD Core/Src/stm32f4xx_it.o
LOAD Core/Src/syscalls.o
LOAD Core/Src/sysmem.o
LOAD Core/Src/system_stm32f4xx.o
LOAD Core/Src/tim.o
LOAD Core/Startup/startup_stm32f446rctx.o
LOAD Drivers/STM32F4xx_HAL_Driver/Src/stm32f4xx_hal.o
LOAD Drivers/STM32F4xx_HAL_Driver/Src/stm32f4xx_hal_cortex.o
LOAD Drivers/STM32F4xx_HAL_Driver/Src/stm32f4xx_hal_dma.o
LOAD Drivers/STM32F4xx_HAL_Driver/Src/stm32f4xx_hal_dma_ex.o
LOAD Drivers/STM32F4xx_HAL_Driver/Src/stm32f4xx_hal_exti.o
LOAD Drivers/STM32F4xx_HAL_Driver/Src/stm32f4xx_hal_flash.o
LOAD Drivers/STM32F4xx_HAL_Driver/Src/stm32f4xx_hal_flash_ex.o
LOAD Drivers/STM32F4xx_HAL_Driver/Src/stm32f4xx_hal_flash_ramfunc.o
LOAD Drivers/STM32F4xx_HAL_Driver/Src/stm32f4xx_hal_gpio.o
LOAD Drivers/STM32F4xx_HAL_Driver/Src/stm32f4xx_hal_pwr.o
LOAD Drivers/STM32F4xx_HAL_Driver/Src/stm32f4xx_hal_pwr_ex.o
LOAD Drivers/STM32F4xx_HAL_Driver/Src/stm32f4xx_hal_rcc.o
LOAD Drivers/STM32F4xx_HAL_Driver/Src/stm32f4xx_hal_rcc_ex.o
LOAD Drivers/STM32F4xx_HAL_Driver/Src/stm32f4xx_hal_tim.o
LOAD Drivers/STM32F4xx_HAL_Driver/Src/stm32f4xx_hal_tim_ex.o
START GROUP
LOAD c:/st/stm32cubeide_1.3.0/stm32cubeide/plugins/com.st.stm32cube.ide.mcu.externaltools.gnu-tools-for-stm32.7-2018-q2-update.win32_1.4.0.202007081208/tools/bin/../lib/gcc/arm-none-eabi/7.3.1/../../../../arm-none-eabi/lib/thumb/v7e-m/fpv4-sp/hard\libc_nano.a
LOAD c:/st/stm32cubeide_1.3.0/stm32cubeide/plugins/com.st.stm32cube.ide.mcu.externaltools.gnu-tools-for-stm32.7-2018-q2-update.win32_1.4.0.202007081208/tools/bin/../lib/gcc/arm-none-eabi/7.3.1/../../../../arm-none-eabi/lib/thumb/v7e-m/fpv4-sp/hard\libm.a
END GROUP
START GROUP
LOAD c:/st/stm32cubeide_1.3.0/stm32cubeide/plugins/com.st.stm32cube.ide.mcu.externaltools.gnu-tools-for-stm32.7-2018-q2-update.win32_1.4.0.202007081208/tools/bin/../lib/gcc/arm-none-eabi/7.3.1/thumb/v7e-m/fpv4-sp/hard\libgcc.a
LOAD c:/st/stm32cubeide_1.3.0/stm32cubeide/plugins/com.st.stm32cube.ide.mcu.externaltools.gnu-tools-for-stm32.7-2018-q2-update.win32_1.4.0.202007081208/tools/bin/../lib/gcc/arm-none-eabi/7.3.1/../../../../arm-none-eabi/lib/thumb/v7e-m/fpv4-sp/hard\libc_nano.a
END GROUP
START GROUP
LOAD c:/st/stm32cubeide_1.3.0/stm32cubeide/plugins/com.st.stm32cube.ide.mcu.externaltools.gnu-tools-for-stm32.7-2018-q2-update.win32_1.4.0.202007081208/tools/bin/../lib/gcc/arm-none-eabi/7.3.1/thumb/v7e-m/fpv4-sp/hard\libgcc.a
LOAD c:/st/stm32cubeide_1.3.0/stm32cubeide/plugins/com.st.stm32cube.ide.mcu.externaltools.gnu-tools-for-stm32.7-2018-q2-update.win32_1.4.0.202007081208/tools/bin/../lib/gcc/arm-none-eabi/7.3.1/../../../../arm-none-eabi/lib/thumb/v7e-m/fpv4-sp/hard\libc_nano.a
LOAD c:/st/stm32cubeide_1.3.0/stm32cubeide/plugins/com.st.stm32cube.ide.mcu.externaltools.gnu-tools-for-stm32.7-2018-q2-update.win32_1.4.0.202007081208/tools/bin/../lib/gcc/arm-none-eabi/7.3.1/../../../../arm-none-eabi/lib/thumb/v7e-m/fpv4-sp/hard\libnosys.a
END GROUP
START GROUP
LOAD c:/st/stm32cubeide_1.3.0/stm32cubeide/plugins/com.st.stm32cube.ide.mcu.externaltools.gnu-tools-for-stm32.7-2018-q2-update.win32_1.4.0.202007081208/tools/bin/../lib/gcc/arm-none-eabi/7.3.1/thumb/v7e-m/fpv4-sp/hard\libgcc.a
LOAD c:/st/stm32cubeide_1.3.0/stm32cubeide/plugins/com.st.stm32cube.ide.mcu.externaltools.gnu-tools-for-stm32.7-2018-q2-update.win32_1.4.0.202007081208/tools/bin/../lib/gcc/arm-none-eabi/7.3.1/../../../../arm-none-eabi/lib/thumb/v7e-m/fpv4-sp/hard\libc_nano.a
LOAD c:/st/stm32cubeide_1.3.0/stm32cubeide/plugins/com.st.stm32cube.ide.mcu.externaltools.gnu-tools-for-stm32.7-2018-q2-update.win32_1.4.0.202007081208/tools/bin/../lib/gcc/arm-none-eabi/7.3.1/../../../../arm-none-eabi/lib/thumb/v7e-m/fpv4-sp/hard\libnosys.a
END GROUP
LOAD c:/st/stm32cubeide_1.3.0/stm32cubeide/plugins/com.st.stm32cube.ide.mcu.externaltools.gnu-tools-for-stm32.7-2018-q2-update.win32_1.4.0.202007081208/tools/bin/../lib/gcc/arm-none-eabi/7.3.1/thumb/v7e-m/fpv4-sp/hard/crtend.o
LOAD c:/st/stm32cubeide_1.3.0/stm32cubeide/plugins/com.st.stm32cube.ide.mcu.externaltools.gnu-tools-for-stm32.7-2018-q2-update.win32_1.4.0.202007081208/tools/bin/../lib/gcc/arm-none-eabi/7.3.1/thumb/v7e-m/fpv4-sp/hard/crtn.o
                0x0000000020020000                _estack = (ORIGIN (RAM) + LENGTH (RAM))
                0x0000000000000200                _Min_Heap_Size = 0x200
                0x0000000000000400                _Min_Stack_Size = 0x400

.isr_vector     0x0000000008000000      0x1c4
                0x0000000008000000                . = ALIGN (0x4)
 *(.isr_vector)
 .isr_vector    0x0000000008000000      0x1c4 Core/Startup/startup_stm32f446rctx.o
                0x0000000008000000                g_pfnVectors
                0x00000000080001c4                . = ALIGN (0x4)

.text           0x00000000080001c4     0x244c
                0x00000000080001c4                . = ALIGN (0x4)
 *(.text)
 .text          0x00000000080001c4       0x40 c:/st/stm32cubeide_1.3.0/stm32cubeide/plugins/com.st.stm32cube.ide.mcu.externaltools.gnu-tools-for-stm32.7-2018-q2-update.win32_1.4.0.202007081208/tools/bin/../lib/gcc/arm-none-eabi/7.3.1/thumb/v7e-m/fpv4-sp/hard/crtbegin.o
 .text          0x0000000008000204       0x30 c:/st/stm32cubeide_1.3.0/stm32cubeide/plugins/com.st.stm32cube.ide.mcu.externaltools.gnu-tools-for-stm32.7-2018-q2-update.win32_1.4.0.202007081208/tools/bin/../lib/gcc/arm-none-eabi/7.3.1/thumb/v7e-m/fpv4-sp/hard\libgcc.a(_aeabi_uldivmod.o)
                0x0000000008000204                __aeabi_uldivmod
 .text          0x0000000008000234      0x2cc c:/st/stm32cubeide_1.3.0/stm32cubeide/plugins/com.st.stm32cube.ide.mcu.externaltools.gnu-tools-for-stm32.7-2018-q2-update.win32_1.4.0.202007081208/tools/bin/../lib/gcc/arm-none-eabi/7.3.1/thumb/v7e-m/fpv4-sp/hard\libgcc.a(_udivmoddi4.o)
                0x0000000008000234                __udivmoddi4
 .text          0x0000000008000500        0x4 c:/st/stm32cubeide_1.3.0/stm32cubeide/plugins/com.st.stm32cube.ide.mcu.externaltools.gnu-tools-for-stm32.7-2018-q2-update.win32_1.4.0.202007081208/tools/bin/../lib/gcc/arm-none-eabi/7.3.1/thumb/v7e-m/fpv4-sp/hard\libgcc.a(_dvmd_tls.o)
                0x0000000008000500                __aeabi_idiv0
                0x0000000008000500                __aeabi_ldiv0
 *(.text*)
 .text.MX_GPIO_Init
                0x0000000008000504       0xf0 Core/Src/gpio.o
                0x0000000008000504                MX_GPIO_Init
 .text.main     0x00000000080005f4       0x3c Core/Src/main.o
                0x00000000080005f4                main
 .text.SystemClock_Config
                0x0000000008000630       0xc0 Core/Src/main.o
                0x0000000008000630                SystemClock_Config
 .text.HAL_TIM_PeriodElapsedCallback
                0x00000000080006f0       0x38 Core/Src/main.o
                0x00000000080006f0                HAL_TIM_PeriodElapsedCallback
 .text.HAL_GPIO_EXTI_Callback
                0x0000000008000728       0x7c Core/Src/main.o
                0x0000000008000728                HAL_GPIO_EXTI_Callback
 .text.Error_Handler
                0x00000000080007a4        0xe Core/Src/main.o
                0x00000000080007a4                Error_Handler
 *fill*         0x00000000080007b2        0x2 
 .text.Set_Speed
                0x00000000080007b4       0x8c Core/Src/ppm.o
                0x00000000080007b4                Set_Speed
 .text.PPM      0x0000000008000840       0x5c Core/Src/ppm.o
                0x0000000008000840                PPM
 .text.Soft_Start
                0x000000000800089c       0x12 Core/Src/ppm.o
                0x000000000800089c                Soft_Start
 *fill*         0x00000000080008ae        0x2 
 .text.delay_us
                0x00000000080008b0       0x30 Core/Src/ppm.o
 .text.Angule_to_Time
                0x00000000080008e0       0x34 Core/Src/ppm.o
 .text.Armonic_Reduction
                0x0000000008000914       0x30 Core/Src/ppm.o
 .text.soft_switching
                0x0000000008000944       0x70 Core/Src/ppm.o
 .text.HAL_MspInit
                0x00000000080009b4       0x50 Core/Src/stm32f4xx_hal_msp.o
                0x00000000080009b4                HAL_MspInit
 .text.NMI_Handler
                0x0000000008000a04        0xe Core/Src/stm32f4xx_it.o
                0x0000000008000a04                NMI_Handler
 .text.HardFault_Handler
                0x0000000008000a12        0x6 Core/Src/stm32f4xx_it.o
                0x0000000008000a12                HardFault_Handler
 .text.MemManage_Handler
                0x0000000008000a18        0x6 Core/Src/stm32f4xx_it.o
                0x0000000008000a18                MemManage_Handler
 .text.BusFault_Handler
                0x0000000008000a1e        0x6 Core/Src/stm32f4xx_it.o
                0x0000000008000a1e                BusFault_Handler
 .text.UsageFault_Handler
                0x0000000008000a24        0x6 Core/Src/stm32f4xx_it.o
                0x0000000008000a24                UsageFault_Handler
 .text.SVC_Handler
                0x0000000008000a2a        0xe Core/Src/stm32f4xx_it.o
                0x0000000008000a2a                SVC_Handler
 .text.DebugMon_Handler
                0x0000000008000a38        0xe Core/Src/stm32f4xx_it.o
                0x0000000008000a38                DebugMon_Handler
 .text.PendSV_Handler
                0x0000000008000a46        0xe Core/Src/stm32f4xx_it.o
                0x0000000008000a46                PendSV_Handler
 .text.SysTick_Handler
                0x0000000008000a54        0xc Core/Src/stm32f4xx_it.o
                0x0000000008000a54                SysTick_Handler
 .text.TIM1_UP_TIM10_IRQHandler
                0x0000000008000a60       0x14 Core/Src/stm32f4xx_it.o
                0x0000000008000a60                TIM1_UP_TIM10_IRQHandler
 .text.EXTI15_10_IRQHandler
                0x0000000008000a74       0x18 Core/Src/stm32f4xx_it.o
                0x0000000008000a74                EXTI15_10_IRQHandler
 .text.SystemInit
                0x0000000008000a8c       0x2c Core/Src/system_stm32f4xx.o
                0x0000000008000a8c                SystemInit
 .text.MX_TIM1_Init
                0x0000000008000ab8       0xa0 Core/Src/tim.o
                0x0000000008000ab8                MX_TIM1_Init
 .text.MX_TIM6_Init
                0x0000000008000b58       0x6c Core/Src/tim.o
                0x0000000008000b58                MX_TIM6_Init
 .text.MX_TIM7_Init
                0x0000000008000bc4       0x6c Core/Src/tim.o
                0x0000000008000bc4                MX_TIM7_Init
 .text.HAL_TIM_Base_MspInit
                0x0000000008000c30       0xa8 Core/Src/tim.o
                0x0000000008000c30                HAL_TIM_Base_MspInit
 .text.Reset_Handler
                0x0000000008000cd8       0x50 Core/Startup/startup_stm32f446rctx.o
                0x0000000008000cd8                Reset_Handler
 .text.Default_Handler
                0x0000000008000d28        0x2 Core/Startup/startup_stm32f446rctx.o
                0x0000000008000d28                RTC_Alarm_IRQHandler
                0x0000000008000d28                EXTI2_IRQHandler
                0x0000000008000d28                TIM8_CC_IRQHandler
                0x0000000008000d28                FMPI2C1_EV_IRQHandler
                0x0000000008000d28                SPI4_IRQHandler
                0x0000000008000d28                TIM1_CC_IRQHandler
                0x0000000008000d28                DMA2_Stream5_IRQHandler
                0x0000000008000d28                DMA1_Stream5_IRQHandler
                0x0000000008000d28                PVD_IRQHandler
                0x0000000008000d28                SDIO_IRQHandler
                0x0000000008000d28                TAMP_STAMP_IRQHandler
                0x0000000008000d28                CAN2_RX1_IRQHandler
                0x0000000008000d28                EXTI3_IRQHandler
                0x0000000008000d28                TIM8_TRG_COM_TIM14_IRQHandler
                0x0000000008000d28                TIM8_UP_TIM13_IRQHandler
                0x0000000008000d28                I2C3_ER_IRQHandler
                0x0000000008000d28                EXTI0_IRQHandler
                0x0000000008000d28                I2C2_EV_IRQHandler
                0x0000000008000d28                DMA1_Stream2_IRQHandler
                0x0000000008000d28                CAN1_RX0_IRQHandler
                0x0000000008000d28                FPU_IRQHandler
                0x0000000008000d28                OTG_HS_WKUP_IRQHandler
                0x0000000008000d28                CAN2_SCE_IRQHandler
                0x0000000008000d28                DMA2_Stream2_IRQHandler
                0x0000000008000d28                SPI1_IRQHandler
                0x0000000008000d28                TIM6_DAC_IRQHandler
                0x0000000008000d28                TIM1_BRK_TIM9_IRQHandler
                0x0000000008000d28                DCMI_IRQHandler
                0x0000000008000d28                CAN2_RX0_IRQHandler
                0x0000000008000d28                DMA2_Stream3_IRQHandler
                0x0000000008000d28                SAI2_IRQHandler
                0x0000000008000d28                USART6_IRQHandler
                0x0000000008000d28                USART3_IRQHandler
                0x0000000008000d28                CAN1_RX1_IRQHandler
                0x0000000008000d28                UART5_IRQHandler
                0x0000000008000d28                DMA2_Stream0_IRQHandler
                0x0000000008000d28                TIM4_IRQHandler
                0x0000000008000d28                QUADSPI_IRQHandler
                0x0000000008000d28                I2C1_EV_IRQHandler
                0x0000000008000d28                DMA1_Stream6_IRQHandler
                0x0000000008000d28                DMA1_Stream1_IRQHandler
                0x0000000008000d28                UART4_IRQHandler
                0x0000000008000d28                TIM3_IRQHandler
                0x0000000008000d28                RCC_IRQHandler
                0x0000000008000d28                TIM8_BRK_TIM12_IRQHandler
                0x0000000008000d28                Default_Handler
                0x0000000008000d28                CEC_IRQHandler
                0x0000000008000d28                ADC_IRQHandler
                0x0000000008000d28                DMA1_Stream7_IRQHandler
                0x0000000008000d28                TIM7_IRQHandler
                0x0000000008000d28                CAN2_TX_IRQHandler
                0x0000000008000d28                TIM5_IRQHandler
                0x0000000008000d28                DMA2_Stream7_IRQHandler
                0x0000000008000d28                I2C3_EV_IRQHandler
                0x0000000008000d28                EXTI9_5_IRQHandler
                0x0000000008000d28                RTC_WKUP_IRQHandler
                0x0000000008000d28                SPDIF_RX_IRQHandler
                0x0000000008000d28                SPI2_IRQHandler
                0x0000000008000d28                OTG_HS_EP1_IN_IRQHandler
                0x0000000008000d28                DMA1_Stream0_IRQHandler
                0x0000000008000d28                CAN1_TX_IRQHandler
                0x0000000008000d28                FMPI2C1_ER_IRQHandler
                0x0000000008000d28                EXTI4_IRQHandler
                0x0000000008000d28                OTG_HS_EP1_OUT_IRQHandler
                0x0000000008000d28                WWDG_IRQHandler
                0x0000000008000d28                TIM2_IRQHandler
                0x0000000008000d28                OTG_FS_WKUP_IRQHandler
                0x0000000008000d28                TIM1_TRG_COM_TIM11_IRQHandler
                0x0000000008000d28                OTG_HS_IRQHandler
                0x0000000008000d28                EXTI1_IRQHandler
                0x0000000008000d28                USART2_IRQHandler
                0x0000000008000d28                I2C2_ER_IRQHandler
                0x0000000008000d28                DMA2_Stream1_IRQHandler
                0x0000000008000d28                CAN1_SCE_IRQHandler
                0x0000000008000d28                FLASH_IRQHandler
                0x0000000008000d28                DMA2_Stream4_IRQHandler
                0x0000000008000d28                USART1_IRQHandler
                0x0000000008000d28                OTG_FS_IRQHandler
                0x0000000008000d28                SPI3_IRQHandler
                0x0000000008000d28                DMA1_Stream4_IRQHandler
                0x0000000008000d28                I2C1_ER_IRQHandler
                0x0000000008000d28                FMC_IRQHandler
                0x0000000008000d28                DMA2_Stream6_IRQHandler
                0x0000000008000d28                SAI1_IRQHandler
                0x0000000008000d28                DMA1_Stream3_IRQHandler
 *fill*         0x0000000008000d2a        0x2 
 .text.HAL_Init
                0x0000000008000d2c       0x44 Drivers/STM32F4xx_HAL_Driver/Src/stm32f4xx_hal.o
                0x0000000008000d2c                HAL_Init
 .text.HAL_InitTick
                0x0000000008000d70       0x60 Drivers/STM32F4xx_HAL_Driver/Src/stm32f4xx_hal.o
                0x0000000008000d70                HAL_InitTick
 .text.HAL_IncTick
                0x0000000008000dd0       0x28 Drivers/STM32F4xx_HAL_Driver/Src/stm32f4xx_hal.o
                0x0000000008000dd0                HAL_IncTick
 .text.HAL_GetTick
                0x0000000008000df8       0x18 Drivers/STM32F4xx_HAL_Driver/Src/stm32f4xx_hal.o
                0x0000000008000df8                HAL_GetTick
 .text.HAL_Delay
                0x0000000008000e10       0x44 Drivers/STM32F4xx_HAL_Driver/Src/stm32f4xx_hal.o
                0x0000000008000e10                HAL_Delay
 .text.__NVIC_SetPriorityGrouping
                0x0000000008000e54       0x48 Drivers/STM32F4xx_HAL_Driver/Src/stm32f4xx_hal_cortex.o
 .text.__NVIC_GetPriorityGrouping
                0x0000000008000e9c       0x1c Drivers/STM32F4xx_HAL_Driver/Src/stm32f4xx_hal_cortex.o
 .text.__NVIC_EnableIRQ
                0x0000000008000eb8       0x3c Drivers/STM32F4xx_HAL_Driver/Src/stm32f4xx_hal_cortex.o
 .text.__NVIC_SetPriority
                0x0000000008000ef4       0x54 Drivers/STM32F4xx_HAL_Driver/Src/stm32f4xx_hal_cortex.o
 .text.NVIC_EncodePriority
                0x0000000008000f48       0x66 Drivers/STM32F4xx_HAL_Driver/Src/stm32f4xx_hal_cortex.o
 *fill*         0x0000000008000fae        0x2 
 .text.SysTick_Config
                0x0000000008000fb0       0x44 Drivers/STM32F4xx_HAL_Driver/Src/stm32f4xx_hal_cortex.o
 .text.HAL_NVIC_SetPriorityGrouping
                0x0000000008000ff4       0x16 Drivers/STM32F4xx_HAL_Driver/Src/stm32f4xx_hal_cortex.o
                0x0000000008000ff4                HAL_NVIC_SetPriorityGrouping
 .text.HAL_NVIC_SetPriority
                0x000000000800100a       0x38 Drivers/STM32F4xx_HAL_Driver/Src/stm32f4xx_hal_cortex.o
                0x000000000800100a                HAL_NVIC_SetPriority
 .text.HAL_NVIC_EnableIRQ
                0x0000000008001042       0x1c Drivers/STM32F4xx_HAL_Driver/Src/stm32f4xx_hal_cortex.o
                0x0000000008001042                HAL_NVIC_EnableIRQ
 .text.HAL_SYSTICK_Config
                0x000000000800105e       0x18 Drivers/STM32F4xx_HAL_Driver/Src/stm32f4xx_hal_cortex.o
                0x000000000800105e                HAL_SYSTICK_Config
 *fill*         0x0000000008001076        0x2 
 .text.HAL_GPIO_Init
                0x0000000008001078      0x324 Drivers/STM32F4xx_HAL_Driver/Src/stm32f4xx_hal_gpio.o
                0x0000000008001078                HAL_GPIO_Init
 .text.HAL_GPIO_WritePin
                0x000000000800139c       0x32 Drivers/STM32F4xx_HAL_Driver/Src/stm32f4xx_hal_gpio.o
                0x000000000800139c                HAL_GPIO_WritePin
 .text.HAL_GPIO_TogglePin
                0x00000000080013ce       0x36 Drivers/STM32F4xx_HAL_Driver/Src/stm32f4xx_hal_gpio.o
                0x00000000080013ce                HAL_GPIO_TogglePin
 .text.HAL_GPIO_EXTI_IRQHandler
                0x0000000008001404       0x30 Drivers/STM32F4xx_HAL_Driver/Src/stm32f4xx_hal_gpio.o
                0x0000000008001404                HAL_GPIO_EXTI_IRQHandler
 .text.HAL_RCC_ClockConfig
                0x0000000008001434      0x1cc Drivers/STM32F4xx_HAL_Driver/Src/stm32f4xx_hal_rcc.o
                0x0000000008001434                HAL_RCC_ClockConfig
 .text.HAL_RCC_GetSysClockFreq
                0x0000000008001600      0x2a4 Drivers/STM32F4xx_HAL_Driver/Src/stm32f4xx_hal_rcc_ex.o
                0x0000000008001600                HAL_RCC_GetSysClockFreq
 .text.HAL_RCC_OscConfig
                0x00000000080018a4      0x4b4 Drivers/STM32F4xx_HAL_Driver/Src/stm32f4xx_hal_rcc_ex.o
                0x00000000080018a4                HAL_RCC_OscConfig
 .text.HAL_TIM_Base_Init
                0x0000000008001d58       0x56 Drivers/STM32F4xx_HAL_Driver/Src/stm32f4xx_hal_tim.o
                0x0000000008001d58                HAL_TIM_Base_Init
 .text.HAL_TIM_Base_Start
                0x0000000008001dae       0x48 Drivers/STM32F4xx_HAL_Driver/Src/stm32f4xx_hal_tim.o
                0x0000000008001dae                HAL_TIM_Base_Start
 .text.HAL_TIM_Base_Start_IT
                0x0000000008001df6       0x48 Drivers/STM32F4xx_HAL_Driver/Src/stm32f4xx_hal_tim.o
                0x0000000008001df6                HAL_TIM_Base_Start_IT
 .text.HAL_TIM_IRQHandler
                0x0000000008001e3e      0x210 Drivers/STM32F4xx_HAL_Driver/Src/stm32f4xx_hal_tim.o
                0x0000000008001e3e                HAL_TIM_IRQHandler
 .text.HAL_TIM_ConfigClockSource
                0x000000000800204e      0x16e Drivers/STM32F4xx_HAL_Driver/Src/stm32f4xx_hal_tim.o
                0x000000000800204e                HAL_TIM_ConfigClockSource
 .text.HAL_TIM_OC_DelayElapsedCallback
                0x00000000080021bc       0x14 Drivers/STM32F4xx_HAL_Driver/Src/stm32f4xx_hal_tim.o
                0x00000000080021bc                HAL_TIM_OC_DelayElapsedCallback
 .text.HAL_TIM_IC_CaptureCallback
                0x00000000080021d0       0x14 Drivers/STM32F4xx_HAL_Driver/Src/stm32f4xx_hal_tim.o
                0x00000000080021d0                HAL_TIM_IC_CaptureCallback
 .text.HAL_TIM_PWM_PulseFinishedCallback
                0x00000000080021e4       0x14 Drivers/STM32F4xx_HAL_Driver/Src/stm32f4xx_hal_tim.o
                0x00000000080021e4                HAL_TIM_PWM_PulseFinishedCallback
 .text.HAL_TIM_TriggerCallback
                0x00000000080021f8       0x14 Drivers/STM32F4xx_HAL_Driver/Src/stm32f4xx_hal_tim.o
                0x00000000080021f8                HAL_TIM_TriggerCallback
 .text.TIM_Base_SetConfig
                0x000000000800220c      0x140 Drivers/STM32F4xx_HAL_Driver/Src/stm32f4xx_hal_tim.o
                0x000000000800220c                TIM_Base_SetConfig
 .text.TIM_TI1_ConfigInputStage
                0x000000000800234c       0x5e Drivers/STM32F4xx_HAL_Driver/Src/stm32f4xx_hal_tim.o
 .text.TIM_TI2_ConfigInputStage
                0x00000000080023aa       0x60 Drivers/STM32F4xx_HAL_Driver/Src/stm32f4xx_hal_tim.o
 .text.TIM_ITRx_SetConfig
                0x000000000800240a       0x36 Drivers/STM32F4xx_HAL_Driver/Src/stm32f4xx_hal_tim.o
 .text.TIM_ETR_SetConfig
                0x0000000008002440       0x40 Drivers/STM32F4xx_HAL_Driver/Src/stm32f4xx_hal_tim.o
                0x0000000008002440                TIM_ETR_SetConfig
 .text.HAL_TIMEx_MasterConfigSynchronization
                0x0000000008002480       0xf8 Drivers/STM32F4xx_HAL_Driver/Src/stm32f4xx_hal_tim_ex.o
                0x0000000008002480                HAL_TIMEx_MasterConfigSynchronization
 .text.HAL_TIMEx_CommutCallback
                0x0000000008002578       0x14 Drivers/STM32F4xx_HAL_Driver/Src/stm32f4xx_hal_tim_ex.o
                0x0000000008002578                HAL_TIMEx_CommutCallback
 .text.HAL_TIMEx_BreakCallback
                0x000000000800258c       0x14 Drivers/STM32F4xx_HAL_Driver/Src/stm32f4xx_hal_tim_ex.o
                0x000000000800258c                HAL_TIMEx_BreakCallback
 .text.__libc_init_array
                0x00000000080025a0       0x48 c:/st/stm32cubeide_1.3.0/stm32cubeide/plugins/com.st.stm32cube.ide.mcu.externaltools.gnu-tools-for-stm32.7-2018-q2-update.win32_1.4.0.202007081208/tools/bin/../lib/gcc/arm-none-eabi/7.3.1/../../../../arm-none-eabi/lib/thumb/v7e-m/fpv4-sp/hard\libc_nano.a(lib_a-init.o)
                0x00000000080025a0                __libc_init_array
 .text.memset   0x00000000080025e8       0x10 c:/st/stm32cubeide_1.3.0/stm32cubeide/plugins/com.st.stm32cube.ide.mcu.externaltools.gnu-tools-for-stm32.7-2018-q2-update.win32_1.4.0.202007081208/tools/bin/../lib/gcc/arm-none-eabi/7.3.1/../../../../arm-none-eabi/lib/thumb/v7e-m/fpv4-sp/hard\libc_nano.a(lib_a-memset.o)
                0x00000000080025e8                memset
 *(.glue_7)
 .glue_7        0x00000000080025f8        0x0 linker stubs
 *(.glue_7t)
 .glue_7t       0x00000000080025f8        0x0 linker stubs
 *(.eh_frame)
 .eh_frame      0x00000000080025f8        0x0 c:/st/stm32cubeide_1.3.0/stm32cubeide/plugins/com.st.stm32cube.ide.mcu.externaltools.gnu-tools-for-stm32.7-2018-q2-update.win32_1.4.0.202007081208/tools/bin/../lib/gcc/arm-none-eabi/7.3.1/thumb/v7e-m/fpv4-sp/hard/crtbegin.o
 *(.init)
 .init          0x00000000080025f8        0x4 c:/st/stm32cubeide_1.3.0/stm32cubeide/plugins/com.st.stm32cube.ide.mcu.externaltools.gnu-tools-for-stm32.7-2018-q2-update.win32_1.4.0.202007081208/tools/bin/../lib/gcc/arm-none-eabi/7.3.1/thumb/v7e-m/fpv4-sp/hard/crti.o
                0x00000000080025f8                _init
 .init          0x00000000080025fc        0x8 c:/st/stm32cubeide_1.3.0/stm32cubeide/plugins/com.st.stm32cube.ide.mcu.externaltools.gnu-tools-for-stm32.7-2018-q2-update.win32_1.4.0.202007081208/tools/bin/../lib/gcc/arm-none-eabi/7.3.1/thumb/v7e-m/fpv4-sp/hard/crtn.o
 *(.fini)
 .fini          0x0000000008002604        0x4 c:/st/stm32cubeide_1.3.0/stm32cubeide/plugins/com.st.stm32cube.ide.mcu.externaltools.gnu-tools-for-stm32.7-2018-q2-update.win32_1.4.0.202007081208/tools/bin/../lib/gcc/arm-none-eabi/7.3.1/thumb/v7e-m/fpv4-sp/hard/crti.o
                0x0000000008002604                _fini
 .fini          0x0000000008002608        0x8 c:/st/stm32cubeide_1.3.0/stm32cubeide/plugins/com.st.stm32cube.ide.mcu.externaltools.gnu-tools-for-stm32.7-2018-q2-update.win32_1.4.0.202007081208/tools/bin/../lib/gcc/arm-none-eabi/7.3.1/thumb/v7e-m/fpv4-sp/hard/crtn.o
                0x0000000008002610                . = ALIGN (0x4)
                0x0000000008002610                _etext = .

.vfp11_veneer   0x0000000008002610        0x0
 .vfp11_veneer  0x0000000008002610        0x0 linker stubs

.v4_bx          0x0000000008002610        0x0
 .v4_bx         0x0000000008002610        0x0 linker stubs

.iplt           0x0000000008002610        0x0
 .iplt          0x0000000008002610        0x0 c:/st/stm32cubeide_1.3.0/stm32cubeide/plugins/com.st.stm32cube.ide.mcu.externaltools.gnu-tools-for-stm32.7-2018-q2-update.win32_1.4.0.202007081208/tools/bin/../lib/gcc/arm-none-eabi/7.3.1/thumb/v7e-m/fpv4-sp/hard/crtbegin.o

.rodata         0x0000000008002610       0x10
                0x0000000008002610                . = ALIGN (0x4)
 *(.rodata)
 *(.rodata*)
 .rodata.AHBPrescTable
                0x0000000008002610       0x10 Core/Src/system_stm32f4xx.o
                0x0000000008002610                AHBPrescTable
                0x0000000008002620                . = ALIGN (0x4)

.ARM.extab      0x0000000008002620        0x0
                0x0000000008002620                . = ALIGN (0x4)
 *(.ARM.extab* .gnu.linkonce.armextab.*)
                0x0000000008002620                . = ALIGN (0x4)

.ARM            0x0000000008002620        0x8
                0x0000000008002620                . = ALIGN (0x4)
                0x0000000008002620                __exidx_start = .
 *(.ARM.exidx*)
 .ARM.exidx     0x0000000008002620        0x8 c:/st/stm32cubeide_1.3.0/stm32cubeide/plugins/com.st.stm32cube.ide.mcu.externaltools.gnu-tools-for-stm32.7-2018-q2-update.win32_1.4.0.202007081208/tools/bin/../lib/gcc/arm-none-eabi/7.3.1/thumb/v7e-m/fpv4-sp/hard\libgcc.a(_udivmoddi4.o)
                0x0000000008002628                __exidx_end = .
                0x0000000008002628                . = ALIGN (0x4)

.rel.dyn        0x0000000008002628        0x0
 .rel.iplt      0x0000000008002628        0x0 c:/st/stm32cubeide_1.3.0/stm32cubeide/plugins/com.st.stm32cube.ide.mcu.externaltools.gnu-tools-for-stm32.7-2018-q2-update.win32_1.4.0.202007081208/tools/bin/../lib/gcc/arm-none-eabi/7.3.1/thumb/v7e-m/fpv4-sp/hard/crtbegin.o

.preinit_array  0x0000000008002628        0x0
                0x0000000008002628                . = ALIGN (0x4)
                0x0000000008002628                PROVIDE (__preinit_array_start = .)
 *(.preinit_array*)
                0x0000000008002628                PROVIDE (__preinit_array_end = .)
                0x0000000008002628                . = ALIGN (0x4)

.init_array     0x0000000008002628        0x4
                0x0000000008002628                . = ALIGN (0x4)
                0x0000000008002628                PROVIDE (__init_array_start = .)
 *(SORT_BY_NAME(.init_array.*))
 *(.init_array*)
 .init_array    0x0000000008002628        0x4 c:/st/stm32cubeide_1.3.0/stm32cubeide/plugins/com.st.stm32cube.ide.mcu.externaltools.gnu-tools-for-stm32.7-2018-q2-update.win32_1.4.0.202007081208/tools/bin/../lib/gcc/arm-none-eabi/7.3.1/thumb/v7e-m/fpv4-sp/hard/crtbegin.o
                0x000000000800262c                PROVIDE (__init_array_end = .)
                0x000000000800262c                . = ALIGN (0x4)

.fini_array     0x000000000800262c        0x4
                0x000000000800262c                . = ALIGN (0x4)
                [!provide]                        PROVIDE (__fini_array_start = .)
 *(SORT_BY_NAME(.fini_array.*))
 *(.fini_array*)
 .fini_array    0x000000000800262c        0x4 c:/st/stm32cubeide_1.3.0/stm32cubeide/plugins/com.st.stm32cube.ide.mcu.externaltools.gnu-tools-for-stm32.7-2018-q2-update.win32_1.4.0.202007081208/tools/bin/../lib/gcc/arm-none-eabi/7.3.1/thumb/v7e-m/fpv4-sp/hard/crtbegin.o
                [!provide]                        PROVIDE (__fini_array_end = .)
                0x0000000008002630                . = ALIGN (0x4)
                0x0000000008002630                _sidata = LOADADDR (.data)

.data           0x0000000020000000       0x10 load address 0x0000000008002630
                0x0000000020000000                . = ALIGN (0x4)
                0x0000000020000000                _sdata = .
 *(.data)
 *(.data*)
 .data.G_phase_Value
                0x0000000020000000        0x1 Core/Src/ppm.o
                0x0000000020000000                G_phase_Value
 .data.lphase.7965
                0x0000000020000001        0x1 Core/Src/ppm.o
 *fill*         0x0000000020000002        0x2 
 .data.SystemCoreClock
                0x0000000020000004        0x4 Core/Src/system_stm32f4xx.o
                0x0000000020000004                SystemCoreClock
 .data.uwTickPrio
                0x0000000020000008        0x4 Drivers/STM32F4xx_HAL_Driver/Src/stm32f4xx_hal.o
                0x0000000020000008                uwTickPrio
 .data.uwTickFreq
                0x000000002000000c        0x1 Drivers/STM32F4xx_HAL_Driver/Src/stm32f4xx_hal.o
                0x000000002000000c                uwTickFreq
                0x0000000020000010                . = ALIGN (0x4)
 *fill*         0x000000002000000d        0x3 
                0x0000000020000010                _edata = .

.igot.plt       0x0000000020000010        0x0 load address 0x0000000008002640
 .igot.plt      0x0000000020000010        0x0 c:/st/stm32cubeide_1.3.0/stm32cubeide/plugins/com.st.stm32cube.ide.mcu.externaltools.gnu-tools-for-stm32.7-2018-q2-update.win32_1.4.0.202007081208/tools/bin/../lib/gcc/arm-none-eabi/7.3.1/thumb/v7e-m/fpv4-sp/hard/crtbegin.o
                0x0000000020000010                . = ALIGN (0x4)

.bss            0x0000000020000010       0xe4 load address 0x0000000008002640
                0x0000000020000010                _sbss = .
                0x0000000020000010                __bss_start__ = _sbss
 *(.bss)
 .bss           0x0000000020000010       0x1c c:/st/stm32cubeide_1.3.0/stm32cubeide/plugins/com.st.stm32cube.ide.mcu.externaltools.gnu-tools-for-stm32.7-2018-q2-update.win32_1.4.0.202007081208/tools/bin/../lib/gcc/arm-none-eabi/7.3.1/thumb/v7e-m/fpv4-sp/hard/crtbegin.o
 *(.bss*)
 .bss.G_Angule_Value
                0x000000002000002c        0x1 Core/Src/ppm.o
                0x000000002000002c                G_Angule_Value
 *(COMMON)
 COMMON         0x000000002000002d        0x1 Core/Src/ppm.o
                0x000000002000002d                gflag_increment
 *fill*         0x000000002000002e        0x2 
 COMMON         0x0000000020000030       0xc0 Core/Src/tim.o
                0x0000000020000030                htim6
                0x0000000020000070                htim1
                0x00000000200000b0                htim7
 COMMON         0x00000000200000f0        0x4 Drivers/STM32F4xx_HAL_Driver/Src/stm32f4xx_hal.o
                0x00000000200000f0                uwTick
                0x00000000200000f4                . = ALIGN (0x4)
                0x00000000200000f4                _ebss = .
                0x00000000200000f4                __bss_end__ = _ebss

._user_heap_stack
                0x00000000200000f4      0x604 load address 0x0000000008002640
                0x00000000200000f8                . = ALIGN (0x8)
 *fill*         0x00000000200000f4        0x4 
                [!provide]                        PROVIDE (end = .)
                0x00000000200000f8                PROVIDE (_end = .)
                0x00000000200002f8                . = (. + _Min_Heap_Size)
 *fill*         0x00000000200000f8      0x200 
                0x00000000200006f8                . = (. + _Min_Stack_Size)
 *fill*         0x00000000200002f8      0x400 
                0x00000000200006f8                . = ALIGN (0x8)

/DISCARD/
 libc.a(*)
 libm.a(*)
 libgcc.a(*)

.ARM.attributes
                0x0000000000000000       0x30
 *(.ARM.attributes)
 .ARM.attributes
                0x0000000000000000       0x22 c:/st/stm32cubeide_1.3.0/stm32cubeide/plugins/com.st.stm32cube.ide.mcu.externaltools.gnu-tools-for-stm32.7-2018-q2-update.win32_1.4.0.202007081208/tools/bin/../lib/gcc/arm-none-eabi/7.3.1/thumb/v7e-m/fpv4-sp/hard/crti.o
 .ARM.attributes
                0x0000000000000022       0x34 c:/st/stm32cubeide_1.3.0/stm32cubeide/plugins/com.st.stm32cube.ide.mcu.externaltools.gnu-tools-for-stm32.7-2018-q2-update.win32_1.4.0.202007081208/tools/bin/../lib/gcc/arm-none-eabi/7.3.1/thumb/v7e-m/fpv4-sp/hard/crtbegin.o
 .ARM.attributes
                0x0000000000000056       0x39 Core/Src/gpio.o
 .ARM.attributes
                0x000000000000008f       0x39 Core/Src/main.o
 .ARM.attributes
                0x00000000000000c8       0x39 Core/Src/ppm.o
 .ARM.attributes
                0x0000000000000101       0x39 Core/Src/stm32f4xx_hal_msp.o
 .ARM.attributes
                0x000000000000013a       0x39 Core/Src/stm32f4xx_it.o
 .ARM.attributes
                0x0000000000000173       0x39 Core/Src/system_stm32f4xx.o
 .ARM.attributes
                0x00000000000001ac       0x39 Core/Src/tim.o
 .ARM.attributes
                0x00000000000001e5       0x21 Core/Startup/startup_stm32f446rctx.o
 .ARM.attributes
                0x0000000000000206       0x39 Drivers/STM32F4xx_HAL_Driver/Src/stm32f4xx_hal.o
 .ARM.attributes
                0x000000000000023f       0x39 Drivers/STM32F4xx_HAL_Driver/Src/stm32f4xx_hal_cortex.o
 .ARM.attributes
                0x0000000000000278       0x39 Drivers/STM32F4xx_HAL_Driver/Src/stm32f4xx_hal_gpio.o
 .ARM.attributes
                0x00000000000002b1       0x39 Drivers/STM32F4xx_HAL_Driver/Src/stm32f4xx_hal_rcc.o
 .ARM.attributes
                0x00000000000002ea       0x39 Drivers/STM32F4xx_HAL_Driver/Src/stm32f4xx_hal_rcc_ex.o
 .ARM.attributes
                0x0000000000000323       0x39 Drivers/STM32F4xx_HAL_Driver/Src/stm32f4xx_hal_tim.o
 .ARM.attributes
                0x000000000000035c       0x39 Drivers/STM32F4xx_HAL_Driver/Src/stm32f4xx_hal_tim_ex.o
 .ARM.attributes
                0x0000000000000395       0x34 c:/st/stm32cubeide_1.3.0/stm32cubeide/plugins/com.st.stm32cube.ide.mcu.externaltools.gnu-tools-for-stm32.7-2018-q2-update.win32_1.4.0.202007081208/tools/bin/../lib/gcc/arm-none-eabi/7.3.1/../../../../arm-none-eabi/lib/thumb/v7e-m/fpv4-sp/hard\libc_nano.a(lib_a-init.o)
 .ARM.attributes
                0x00000000000003c9       0x34 c:/st/stm32cubeide_1.3.0/stm32cubeide/plugins/com.st.stm32cube.ide.mcu.externaltools.gnu-tools-for-stm32.7-2018-q2-update.win32_1.4.0.202007081208/tools/bin/../lib/gcc/arm-none-eabi/7.3.1/../../../../arm-none-eabi/lib/thumb/v7e-m/fpv4-sp/hard\libc_nano.a(lib_a-memset.o)
 .ARM.attributes
                0x00000000000003fd       0x22 c:/st/stm32cubeide_1.3.0/stm32cubeide/plugins/com.st.stm32cube.ide.mcu.externaltools.gnu-tools-for-stm32.7-2018-q2-update.win32_1.4.0.202007081208/tools/bin/../lib/gcc/arm-none-eabi/7.3.1/thumb/v7e-m/fpv4-sp/hard\libgcc.a(_aeabi_uldivmod.o)
 .ARM.attributes
                0x000000000000041f       0x34 c:/st/stm32cubeide_1.3.0/stm32cubeide/plugins/com.st.stm32cube.ide.mcu.externaltools.gnu-tools-for-stm32.7-2018-q2-update.win32_1.4.0.202007081208/tools/bin/../lib/gcc/arm-none-eabi/7.3.1/thumb/v7e-m/fpv4-sp/hard\libgcc.a(_udivmoddi4.o)
 .ARM.attributes
                0x0000000000000453       0x22 c:/st/stm32cubeide_1.3.0/stm32cubeide/plugins/com.st.stm32cube.ide.mcu.externaltools.gnu-tools-for-stm32.7-2018-q2-update.win32_1.4.0.202007081208/tools/bin/../lib/gcc/arm-none-eabi/7.3.1/thumb/v7e-m/fpv4-sp/hard\libgcc.a(_dvmd_tls.o)
 .ARM.attributes
                0x0000000000000475       0x22 c:/st/stm32cubeide_1.3.0/stm32cubeide/plugins/com.st.stm32cube.ide.mcu.externaltools.gnu-tools-for-stm32.7-2018-q2-update.win32_1.4.0.202007081208/tools/bin/../lib/gcc/arm-none-eabi/7.3.1/thumb/v7e-m/fpv4-sp/hard/crtn.o
OUTPUT(Motor_Control.elf elf32-littlearm)

.debug_info     0x0000000000000000     0xa117
 .debug_info    0x0000000000000000      0x73e Core/Src/gpio.o
 .debug_info    0x000000000000073e      0xb8d Core/Src/main.o
 .debug_info    0x00000000000012cb      0x8b8 Core/Src/ppm.o
 .debug_info    0x0000000000001b83      0x396 Core/Src/stm32f4xx_hal_msp.o
 .debug_info    0x0000000000001f19      0x712 Core/Src/stm32f4xx_it.o
 .debug_info    0x000000000000262b      0x588 Core/Src/system_stm32f4xx.o
 .debug_info    0x0000000000002bb3      0xc49 Core/Src/tim.o
 .debug_info    0x00000000000037fc       0x22 Core/Startup/startup_stm32f446rctx.o
 .debug_info    0x000000000000381e      0x997 Drivers/STM32F4xx_HAL_Driver/Src/stm32f4xx_hal.o
 .debug_info    0x00000000000041b5      0xe46 Drivers/STM32F4xx_HAL_Driver/Src/stm32f4xx_hal_cortex.o
 .debug_info    0x0000000000004ffb      0x803 Drivers/STM32F4xx_HAL_Driver/Src/stm32f4xx_hal_gpio.o
 .debug_info    0x00000000000057fe      0x944 Drivers/STM32F4xx_HAL_Driver/Src/stm32f4xx_hal_rcc.o
 .debug_info    0x0000000000006142      0x9d5 Drivers/STM32F4xx_HAL_Driver/Src/stm32f4xx_hal_rcc_ex.o
 .debug_info    0x0000000000006b17     0x24a9 Drivers/STM32F4xx_HAL_Driver/Src/stm32f4xx_hal_tim.o
 .debug_info    0x0000000000008fc0     0x1157 Drivers/STM32F4xx_HAL_Driver/Src/stm32f4xx_hal_tim_ex.o

.debug_abbrev   0x0000000000000000     0x1954
 .debug_abbrev  0x0000000000000000      0x13d Core/Src/gpio.o
 .debug_abbrev  0x000000000000013d      0x1e4 Core/Src/main.o
 .debug_abbrev  0x0000000000000321      0x216 Core/Src/ppm.o
 .debug_abbrev  0x0000000000000537      0x109 Core/Src/stm32f4xx_hal_msp.o
 .debug_abbrev  0x0000000000000640      0x15a Core/Src/stm32f4xx_it.o
 .debug_abbrev  0x000000000000079a      0x12b Core/Src/system_stm32f4xx.o
 .debug_abbrev  0x00000000000008c5      0x1a4 Core/Src/tim.o
 .debug_abbrev  0x0000000000000a69       0x12 Core/Startup/startup_stm32f446rctx.o
 .debug_abbrev  0x0000000000000a7b      0x1c7 Drivers/STM32F4xx_HAL_Driver/Src/stm32f4xx_hal.o
 .debug_abbrev  0x0000000000000c42      0x2fa Drivers/STM32F4xx_HAL_Driver/Src/stm32f4xx_hal_cortex.o
 .debug_abbrev  0x0000000000000f3c      0x1c9 Drivers/STM32F4xx_HAL_Driver/Src/stm32f4xx_hal_gpio.o
 .debug_abbrev  0x0000000000001105      0x245 Drivers/STM32F4xx_HAL_Driver/Src/stm32f4xx_hal_rcc.o
 .debug_abbrev  0x000000000000134a      0x1bc Drivers/STM32F4xx_HAL_Driver/Src/stm32f4xx_hal_rcc_ex.o
 .debug_abbrev  0x0000000000001506      0x230 Drivers/STM32F4xx_HAL_Driver/Src/stm32f4xx_hal_tim.o
 .debug_abbrev  0x0000000000001736      0x21e Drivers/STM32F4xx_HAL_Driver/Src/stm32f4xx_hal_tim_ex.o

.debug_aranges  0x0000000000000000      0xa28
 .debug_aranges
                0x0000000000000000       0x20 Core/Src/gpio.o
 .debug_aranges
                0x0000000000000020       0x40 Core/Src/main.o
 .debug_aranges
                0x0000000000000060       0x50 Core/Src/ppm.o
 .debug_aranges
                0x00000000000000b0       0x20 Core/Src/stm32f4xx_hal_msp.o
 .debug_aranges
                0x00000000000000d0       0x70 Core/Src/stm32f4xx_it.o
 .debug_aranges
                0x0000000000000140       0x28 Core/Src/system_stm32f4xx.o
 .debug_aranges
                0x0000000000000168       0x40 Core/Src/tim.o
 .debug_aranges
                0x00000000000001a8       0x28 Core/Startup/startup_stm32f446rctx.o
 .debug_aranges
                0x00000000000001d0       0xf0 Drivers/STM32F4xx_HAL_Driver/Src/stm32f4xx_hal.o
 .debug_aranges
                0x00000000000002c0      0x118 Drivers/STM32F4xx_HAL_Driver/Src/stm32f4xx_hal_cortex.o
 .debug_aranges
                0x00000000000003d8       0x58 Drivers/STM32F4xx_HAL_Driver/Src/stm32f4xx_hal_gpio.o
 .debug_aranges
                0x0000000000000430       0x88 Drivers/STM32F4xx_HAL_Driver/Src/stm32f4xx_hal_rcc.o
 .debug_aranges
                0x00000000000004b8       0x78 Drivers/STM32F4xx_HAL_Driver/Src/stm32f4xx_hal_rcc_ex.o
 .debug_aranges
                0x0000000000000530      0x3a8 Drivers/STM32F4xx_HAL_Driver/Src/stm32f4xx_hal_tim.o
 .debug_aranges
                0x00000000000008d8      0x150 Drivers/STM32F4xx_HAL_Driver/Src/stm32f4xx_hal_tim_ex.o

.debug_ranges   0x0000000000000000      0x940
 .debug_ranges  0x0000000000000000       0x10 Core/Src/gpio.o
 .debug_ranges  0x0000000000000010       0x30 Core/Src/main.o
 .debug_ranges  0x0000000000000040       0x40 Core/Src/ppm.o
 .debug_ranges  0x0000000000000080       0x10 Core/Src/stm32f4xx_hal_msp.o
 .debug_ranges  0x0000000000000090       0x60 Core/Src/stm32f4xx_it.o
 .debug_ranges  0x00000000000000f0       0x18 Core/Src/system_stm32f4xx.o
 .debug_ranges  0x0000000000000108       0x30 Core/Src/tim.o
 .debug_ranges  0x0000000000000138       0x20 Core/Startup/startup_stm32f446rctx.o
 .debug_ranges  0x0000000000000158       0xe0 Drivers/STM32F4xx_HAL_Driver/Src/stm32f4xx_hal.o
 .debug_ranges  0x0000000000000238      0x108 Drivers/STM32F4xx_HAL_Driver/Src/stm32f4xx_hal_cortex.o
 .debug_ranges  0x0000000000000340       0x48 Drivers/STM32F4xx_HAL_Driver/Src/stm32f4xx_hal_gpio.o
 .debug_ranges  0x0000000000000388       0x78 Drivers/STM32F4xx_HAL_Driver/Src/stm32f4xx_hal_rcc.o
 .debug_ranges  0x0000000000000400       0x68 Drivers/STM32F4xx_HAL_Driver/Src/stm32f4xx_hal_rcc_ex.o
 .debug_ranges  0x0000000000000468      0x398 Drivers/STM32F4xx_HAL_Driver/Src/stm32f4xx_hal_tim.o
 .debug_ranges  0x0000000000000800      0x140 Drivers/STM32F4xx_HAL_Driver/Src/stm32f4xx_hal_tim_ex.o

.debug_macro    0x0000000000000000    0x20e69
 .debug_macro   0x0000000000000000      0x1d8 Core/Src/gpio.o
 .debug_macro   0x00000000000001d8      0xa5a Core/Src/gpio.o
 .debug_macro   0x0000000000000c32      0x28e Core/Src/gpio.o
 .debug_macro   0x0000000000000ec0       0x2e Core/Src/gpio.o
 .debug_macro   0x0000000000000eee       0x28 Core/Src/gpio.o
 .debug_macro   0x0000000000000f16       0x22 Core/Src/gpio.o
 .debug_macro   0x0000000000000f38       0x8e Core/Src/gpio.o
 .debug_macro   0x0000000000000fc6       0x51 Core/Src/gpio.o
 .debug_macro   0x0000000000001017       0xef Core/Src/gpio.o
 .debug_macro   0x0000000000001106       0x6a Core/Src/gpio.o
 .debug_macro   0x0000000000001170      0x1df Core/Src/gpio.o
 .debug_macro   0x000000000000134f       0x1c Core/Src/gpio.o
 .debug_macro   0x000000000000136b       0x22 Core/Src/gpio.o
 .debug_macro   0x000000000000138d       0xdf Core/Src/gpio.o
 .debug_macro   0x000000000000146c     0x102d Core/Src/gpio.o
 .debug_macro   0x0000000000002499      0x11f Core/Src/gpio.o
 .debug_macro   0x00000000000025b8    0x1672d Core/Src/gpio.o
 .debug_macro   0x0000000000018ce5       0x43 Core/Src/gpio.o
 .debug_macro   0x0000000000018d28     0x3659 Core/Src/gpio.o
 .debug_macro   0x000000000001c381      0x174 Core/Src/gpio.o
 .debug_macro   0x000000000001c4f5       0x5a Core/Src/gpio.o
 .debug_macro   0x000000000001c54f      0xc90 Core/Src/gpio.o
 .debug_macro   0x000000000001d1df      0x9fe Core/Src/gpio.o
 .debug_macro   0x000000000001dbdd      0x117 Core/Src/gpio.o
 .debug_macro   0x000000000001dcf4      0x1a0 Core/Src/gpio.o
 .debug_macro   0x000000000001de94       0x27 Core/Src/gpio.o
 .debug_macro   0x000000000001debb      0x16d Core/Src/gpio.o
 .debug_macro   0x000000000001e028      0x287 Core/Src/gpio.o
 .debug_macro   0x000000000001e2af       0x5f Core/Src/gpio.o
 .debug_macro   0x000000000001e30e      0x236 Core/Src/gpio.o
 .debug_macro   0x000000000001e544      0x132 Core/Src/gpio.o
 .debug_macro   0x000000000001e676      0x29c Core/Src/gpio.o
 .debug_macro   0x000000000001e912       0x2e Core/Src/gpio.o
 .debug_macro   0x000000000001e940      0x11a Core/Src/gpio.o
 .debug_macro   0x000000000001ea5a       0xe8 Core/Src/gpio.o
 .debug_macro   0x000000000001eb42       0x89 Core/Src/gpio.o
 .debug_macro   0x000000000001ebcb      0x8a0 Core/Src/gpio.o
 .debug_macro   0x000000000001f46b       0x4d Core/Src/gpio.o
 .debug_macro   0x000000000001f4b8      0x126 Core/Src/gpio.o
 .debug_macro   0x000000000001f5de      0x1ef Core/Src/main.o
 .debug_macro   0x000000000001f7cd       0x28 Core/Src/main.o
 .debug_macro   0x000000000001f7f5      0x215 Core/Src/ppm.o
 .debug_macro   0x000000000001fa0a      0x1ce Core/Src/stm32f4xx_hal_msp.o
 .debug_macro   0x000000000001fbd8      0x1d8 Core/Src/stm32f4xx_it.o
 .debug_macro   0x000000000001fdb0      0x1ca Core/Src/system_stm32f4xx.o
 .debug_macro   0x000000000001ff7a      0x1d8 Core/Src/tim.o
 .debug_macro   0x0000000000020152      0x224 Drivers/STM32F4xx_HAL_Driver/Src/stm32f4xx_hal.o
 .debug_macro   0x0000000000020376      0x1c4 Drivers/STM32F4xx_HAL_Driver/Src/stm32f4xx_hal_cortex.o
 .debug_macro   0x000000000002053a      0x1fa Drivers/STM32F4xx_HAL_Driver/Src/stm32f4xx_hal_gpio.o
 .debug_macro   0x0000000000020734      0x1e8 Drivers/STM32F4xx_HAL_Driver/Src/stm32f4xx_hal_rcc.o
 .debug_macro   0x000000000002091c      0x1c4 Drivers/STM32F4xx_HAL_Driver/Src/stm32f4xx_hal_rcc_ex.o
 .debug_macro   0x0000000000020ae0      0x1c5 Drivers/STM32F4xx_HAL_Driver/Src/stm32f4xx_hal_tim.o
 .debug_macro   0x0000000000020ca5      0x1c4 Drivers/STM32F4xx_HAL_Driver/Src/stm32f4xx_hal_tim_ex.o

.debug_line     0x0000000000000000     0x8680
 .debug_line    0x0000000000000000      0x6b4 Core/Src/gpio.o
 .debug_line    0x00000000000006b4      0x732 Core/Src/main.o
 .debug_line    0x0000000000000de6      0x784 Core/Src/ppm.o
 .debug_line    0x000000000000156a      0x6a9 Core/Src/stm32f4xx_hal_msp.o
 .debug_line    0x0000000000001c13      0x772 Core/Src/stm32f4xx_it.o
 .debug_line    0x0000000000002385      0x6c4 Core/Src/system_stm32f4xx.o
 .debug_line    0x0000000000002a49      0x731 Core/Src/tim.o
 .debug_line    0x000000000000317a       0x85 Core/Startup/startup_stm32f446rctx.o
 .debug_line    0x00000000000031ff      0x8ae Drivers/STM32F4xx_HAL_Driver/Src/stm32f4xx_hal.o
 .debug_line    0x0000000000003aad      0x9d2 Drivers/STM32F4xx_HAL_Driver/Src/stm32f4xx_hal_cortex.o
 .debug_line    0x000000000000447f      0x879 Drivers/STM32F4xx_HAL_Driver/Src/stm32f4xx_hal_gpio.o
 .debug_line    0x0000000000004cf8      0x906 Drivers/STM32F4xx_HAL_Driver/Src/stm32f4xx_hal_rcc.o
 .debug_line    0x00000000000055fe      0xa97 Drivers/STM32F4xx_HAL_Driver/Src/stm32f4xx_hal_rcc_ex.o
 .debug_line    0x0000000000006095     0x1927 Drivers/STM32F4xx_HAL_Driver/Src/stm32f4xx_hal_tim.o
 .debug_line    0x00000000000079bc      0xcc4 Drivers/STM32F4xx_HAL_Driver/Src/stm32f4xx_hal_tim_ex.o

.debug_str      0x0000000000000000    0xc9033
 .debug_str     0x0000000000000000    0xc6344 Core/Src/gpio.o
                                      0xc660e (size before relaxing)
 .debug_str     0x00000000000c6344      0x667 Core/Src/main.o
                                      0xc6759 (size before relaxing)
 .debug_str     0x00000000000c69ab      0x140 Core/Src/ppm.o
                                      0xc65d3 (size before relaxing)
 .debug_str     0x00000000000c6aeb       0x2c Core/Src/stm32f4xx_hal_msp.o
                                      0xc6044 (size before relaxing)
 .debug_str     0x00000000000c6b17       0xeb Core/Src/stm32f4xx_it.o
                                      0xc6414 (size before relaxing)
 .debug_str     0x00000000000c6c02       0xc4 Core/Src/system_stm32f4xx.o
                                      0xc60cb (size before relaxing)
 .debug_str     0x00000000000c6cc6      0x111 Core/Src/tim.o
                                      0xc6ac4 (size before relaxing)
 .debug_str     0x00000000000c6dd7       0x36 Core/Startup/startup_stm32f446rctx.o
                                         0x66 (size before relaxing)
 .debug_str     0x00000000000c6e0d      0x58d Drivers/STM32F4xx_HAL_Driver/Src/stm32f4xx_hal.o
                                      0xc6bd9 (size before relaxing)
 .debug_str     0x00000000000c739a      0x39e Drivers/STM32F4xx_HAL_Driver/Src/stm32f4xx_hal_cortex.o
                                      0xc69a3 (size before relaxing)
 .debug_str     0x00000000000c7738      0x1ec Drivers/STM32F4xx_HAL_Driver/Src/stm32f4xx_hal_gpio.o
                                      0xc630a (size before relaxing)
 .debug_str     0x00000000000c7924      0x259 Drivers/STM32F4xx_HAL_Driver/Src/stm32f4xx_hal_rcc.o
                                      0xc64bd (size before relaxing)
 .debug_str     0x00000000000c7b7d      0x324 Drivers/STM32F4xx_HAL_Driver/Src/stm32f4xx_hal_rcc_ex.o
                                      0xc650f (size before relaxing)
 .debug_str     0x00000000000c7ea1      0xcf0 Drivers/STM32F4xx_HAL_Driver/Src/stm32f4xx_hal_tim.o
                                      0xc71b2 (size before relaxing)
 .debug_str     0x00000000000c8b91      0x4a2 Drivers/STM32F4xx_HAL_Driver/Src/stm32f4xx_hal_tim_ex.o
                                      0xc69b2 (size before relaxing)

.comment        0x0000000000000000       0x7b
 .comment       0x0000000000000000       0x7b Core/Src/gpio.o
                                         0x7c (size before relaxing)
 .comment       0x000000000000007b       0x7c Core/Src/main.o
 .comment       0x000000000000007b       0x7c Core/Src/ppm.o
 .comment       0x000000000000007b       0x7c Core/Src/stm32f4xx_hal_msp.o
 .comment       0x000000000000007b       0x7c Core/Src/stm32f4xx_it.o
 .comment       0x000000000000007b       0x7c Core/Src/system_stm32f4xx.o
 .comment       0x000000000000007b       0x7c Core/Src/tim.o
 .comment       0x000000000000007b       0x7c Drivers/STM32F4xx_HAL_Driver/Src/stm32f4xx_hal.o
 .comment       0x000000000000007b       0x7c Drivers/STM32F4xx_HAL_Driver/Src/stm32f4xx_hal_cortex.o
 .comment       0x000000000000007b       0x7c Drivers/STM32F4xx_HAL_Driver/Src/stm32f4xx_hal_gpio.o
 .comment       0x000000000000007b       0x7c Drivers/STM32F4xx_HAL_Driver/Src/stm32f4xx_hal_rcc.o
 .comment       0x000000000000007b       0x7c Drivers/STM32F4xx_HAL_Driver/Src/stm32f4xx_hal_rcc_ex.o
 .comment       0x000000000000007b       0x7c Drivers/STM32F4xx_HAL_Driver/Src/stm32f4xx_hal_tim.o
 .comment       0x000000000000007b       0x7c Drivers/STM32F4xx_HAL_Driver/Src/stm32f4xx_hal_tim_ex.o

.debug_frame    0x0000000000000000     0x2910
 .debug_frame   0x0000000000000000       0x34 Core/Src/gpio.o
 .debug_frame   0x0000000000000034       0xbc Core/Src/main.o
 .debug_frame   0x00000000000000f0      0x104 Core/Src/ppm.o
 .debug_frame   0x00000000000001f4       0x38 Core/Src/stm32f4xx_hal_msp.o
 .debug_frame   0x000000000000022c      0x144 Core/Src/stm32f4xx_it.o
 .debug_frame   0x0000000000000370       0x58 Core/Src/system_stm32f4xx.o
 .debug_frame   0x00000000000003c8       0xc4 Core/Src/tim.o
 .debug_frame   0x000000000000048c      0x374 Drivers/STM32F4xx_HAL_Driver/Src/stm32f4xx_hal.o
 .debug_frame   0x0000000000000800      0x498 Drivers/STM32F4xx_HAL_Driver/Src/stm32f4xx_hal_cortex.o
 .debug_frame   0x0000000000000c98      0x14c Drivers/STM32F4xx_HAL_Driver/Src/stm32f4xx_hal_gpio.o
 .debug_frame   0x0000000000000de4      0x1f0 Drivers/STM32F4xx_HAL_Driver/Src/stm32f4xx_hal_rcc.o
 .debug_frame   0x0000000000000fd4      0x1e0 Drivers/STM32F4xx_HAL_Driver/Src/stm32f4xx_hal_rcc_ex.o
 .debug_frame   0x00000000000011b4     0x10f0 Drivers/STM32F4xx_HAL_Driver/Src/stm32f4xx_hal_tim.o
 .debug_frame   0x00000000000022a4      0x5c0 Drivers/STM32F4xx_HAL_Driver/Src/stm32f4xx_hal_tim_ex.o
 .debug_frame   0x0000000000002864       0x2c c:/st/stm32cubeide_1.3.0/stm32cubeide/plugins/com.st.stm32cube.ide.mcu.externaltools.gnu-tools-for-stm32.7-2018-q2-update.win32_1.4.0.202007081208/tools/bin/../lib/gcc/arm-none-eabi/7.3.1/../../../../arm-none-eabi/lib/thumb/v7e-m/fpv4-sp/hard\libc_nano.a(lib_a-init.o)
 .debug_frame   0x0000000000002890       0x20 c:/st/stm32cubeide_1.3.0/stm32cubeide/plugins/com.st.stm32cube.ide.mcu.externaltools.gnu-tools-for-stm32.7-2018-q2-update.win32_1.4.0.202007081208/tools/bin/../lib/gcc/arm-none-eabi/7.3.1/../../../../arm-none-eabi/lib/thumb/v7e-m/fpv4-sp/hard\libc_nano.a(lib_a-memset.o)
 .debug_frame   0x00000000000028b0       0x2c c:/st/stm32cubeide_1.3.0/stm32cubeide/plugins/com.st.stm32cube.ide.mcu.externaltools.gnu-tools-for-stm32.7-2018-q2-update.win32_1.4.0.202007081208/tools/bin/../lib/gcc/arm-none-eabi/7.3.1/thumb/v7e-m/fpv4-sp/hard\libgcc.a(_aeabi_uldivmod.o)
 .debug_frame   0x00000000000028dc       0x34 c:/st/stm32cubeide_1.3.0/stm32cubeide/plugins/com.st.stm32cube.ide.mcu.externaltools.gnu-tools-for-stm32.7-2018-q2-update.win32_1.4.0.202007081208/tools/bin/../lib/gcc/arm-none-eabi/7.3.1/thumb/v7e-m/fpv4-sp/hard\libgcc.a(_udivmoddi4.o)
